// Vitest Snapshot v1, https://vitest.dev/guide/snapshot.html

exports[`<CodebookScreen /> > can render 1`] = `
<div>
  <div
    class="screen-wrapper"
  >
    <div
      class="modal__background"
    />
    <div
      class="screen"
    >
      <div
        class="error"
      >
        <div
          class="error__layout"
        >
          <h1
            class="error__title"
          >
            Something went wrong.
          </h1>
          <div
            class="error__message"
          >
            <p>
              Could not find "store" in the context of "Connect(Codebook)". Either wrap the root component in a &lt;Provider&gt;, or pass a custom React context provider to &lt;Provider&gt; and the corresponding React context consumer to Connect(Codebook) in connect options.
            </p>
          </div>
        </div>
      </div>
    </div>
  </div>
</div>
`;
